2026-07-31 17:56:07 | ERROR    | energy_producer | Fila inválida en el CSV, se descarta: could not convert string to float: 'NaN_texto' | fila={'Datetime': '2002-01-01 02:00:00', 'PJME_MW': 'NaN_texto'}
2026-07-31 17:56:07 | ERROR    | energy_producer | Fila inválida en el CSV, se descarta: time data 'no-es-una-fecha' does not match format '%Y-%m-%d %H:%M:%S' | fila={'Datetime': 'no-es-una-fecha', 'PJME_MW': '100.0'}
2026-07-31 17:56:07 | ERROR    | energy_producer | Fila inválida en el CSV, se descarta: 'PJME_MW' | fila={'Datetime': '2002-01-01 03:00:00'}
2026-07-31 17:56:15 | INFO     | energy_producer | energy_producer iniciado. csv=/tmp/test_data/mini.csv, ritmo=0.01s/fila, tópico=energy-stream
2026-07-31 17:56:15 | ERROR    | energy_producer | Fila inválida en el CSV, se descarta: could not convert string to float: 'malformed' | fila={'Datetime': '2002-01-01 02:00:00', 'PJME_MW': 'malformed'}
2026-07-31 17:56:15 | INFO     | energy_producer | energy_producer terminado. Total publicadas=2, descartadas=1.
2026-08-05 00:00:57 | INFO     | energy_producer | energy_producer iniciado. csv=C:\Users\blanc\dev\smart-energy-pipeline\smart-energy-pipeline\ingestion\data\PJME_hourly.csv, ritmo=1.0s/fila, tópico=energy-stream
2026-08-05 00:05:57 | ERROR    | energy_producer | Falló la entrega a Kafka: KafkaError{code=_MSG_TIMED_OUT,val=-192,str="Local: Message timed out"} (tópico=energy-stream)
2026-08-05 00:05:58 | ERROR    | energy_producer | Falló la entrega a Kafka: KafkaError{code=_MSG_TIMED_OUT,val=-192,str="Local: Message timed out"} (tópico=energy-stream)
2026-08-05 00:05:59 | ERROR    | energy_producer | Falló la entrega a Kafka: KafkaError{code=_MSG_TIMED_OUT,val=-192,str="Local: Message timed out"} (tópico=energy-stream)
2026-08-05 00:06:00 | ERROR    | energy_producer | Falló la entrega a Kafka: KafkaError{code=_MSG_TIMED_OUT,val=-192,str="Local: Message timed out"} (tópico=energy-stream)
2026-08-05 00:06:01 | ERROR    | energy_producer | Falló la entrega a Kafka: KafkaError{code=_MSG_TIMED_OUT,val=-192,str="Local: Message timed out"} (tópico=energy-stream)
2026-08-05 00:06:02 | ERROR    | energy_producer | Falló la entrega a Kafka: KafkaError{code=_MSG_TIMED_OUT,val=-192,str="Local: Message timed out"} (tópico=energy-stream)
2026-08-05 00:06:03 | ERROR    | energy_producer | Falló la entrega a Kafka: KafkaError{code=_MSG_TIMED_OUT,val=-192,str="Local: Message timed out"} (tópico=energy-stream)
2026-08-05 00:06:04 | ERROR    | energy_producer | Falló la entrega a Kafka: KafkaError{code=_MSG_TIMED_OUT,val=-192,str="Local: Message timed out"} (tópico=energy-stream)
2026-08-05 00:06:05 | ERROR    | energy_producer | Falló la entrega a Kafka: KafkaError{code=_MSG_TIMED_OUT,val=-192,str="Local: Message timed out"} (tópico=energy-stream)
2026-08-05 00:06:06 | ERROR    | energy_producer | Falló la entrega a Kafka: KafkaError{code=_MSG_TIMED_OUT,val=-192,str="Local: Message timed out"} (tópico=energy-stream)
2026-08-05 00:06:07 | ERROR    | energy_producer | Falló la entrega a Kafka: KafkaError{code=_MSG_TIMED_OUT,val=-192,str="Local: Message timed out"} (tópico=energy-stream)
2026-08-05 00:06:08 | ERROR    | energy_producer | Falló la entrega a Kafka: KafkaError{code=_MSG_TIMED_OUT,val=-192,str="Local: Message timed out"} (tópico=energy-stream)
2026-08-05 00:06:09 | ERROR    | energy_producer | Falló la entrega a Kafka: KafkaError{code=_MSG_TIMED_OUT,val=-192,str="Local: Message timed out"} (tópico=energy-stream)
2026-08-05 00:06:10 | ERROR    | energy_producer | Falló la entrega a Kafka: KafkaError{code=_MSG_TIMED_OUT,val=-192,str="Local: Message timed out"} (tópico=energy-stream)
2026-08-05 00:06:11 | ERROR    | energy_producer | Falló la entrega a Kafka: KafkaError{code=_MSG_TIMED_OUT,val=-192,str="Local: Message timed out"} (tópico=energy-stream)
2026-08-05 00:06:12 | ERROR    | energy_producer | Falló la entrega a Kafka: KafkaError{code=_MSG_TIMED_OUT,val=-192,str="Local: Message timed out"} (tópico=energy-stream)
2026-08-05 00:06:13 | ERROR    | energy_producer | Falló la entrega a Kafka: KafkaError{code=_MSG_TIMED_OUT,val=-192,str="Local: Message timed out"} (tópico=energy-stream)
2026-08-05 00:06:14 | ERROR    | energy_producer | Falló la entrega a Kafka: KafkaError{code=_MSG_TIMED_OUT,val=-192,str="Local: Message timed out"} (tópico=energy-stream)
2026-08-05 00:06:15 | ERROR    | energy_producer | Falló la entrega a Kafka: KafkaError{code=_MSG_TIMED_OUT,val=-192,str="Local: Message timed out"} (tópico=energy-stream)
2026-08-05 00:06:16 | ERROR    | energy_producer | Falló la entrega a Kafka: KafkaError{code=_MSG_TIMED_OUT,val=-192,str="Local: Message timed out"} (tópico=energy-stream)
2026-08-05 00:06:17 | ERROR    | energy_producer | Falló la entrega a Kafka: KafkaError{code=_MSG_TIMED_OUT,val=-192,str="Local: Message timed out"} (tópico=energy-stream)
2026-08-05 00:06:18 | ERROR    | energy_producer | Falló la entrega a Kafka: KafkaError{code=_MSG_TIMED_OUT,val=-192,str="Local: Message timed out"} (tópico=energy-stream)
2026-08-05 00:06:19 | ERROR    | energy_producer | Falló la entrega a Kafka: KafkaError{code=_MSG_TIMED_OUT,val=-192,str="Local: Message timed out"} (tópico=energy-stream)
2026-08-05 00:06:20 | ERROR    | energy_producer | Falló la entrega a Kafka: KafkaError{code=_MSG_TIMED_OUT,val=-192,str="Local: Message timed out"} (tópico=energy-stream)
2026-08-05 00:06:21 | ERROR    | energy_producer | Falló la entrega a Kafka: KafkaError{code=_MSG_TIMED_OUT,val=-192,str="Local: Message timed out"} (tópico=energy-stream)
2026-08-05 00:06:23 | ERROR    | energy_producer | Falló la entrega a Kafka: KafkaError{code=_MSG_TIMED_OUT,val=-192,str="Local: Message timed out"} (tópico=energy-stream)
2026-08-05 00:06:24 | ERROR    | energy_producer | Falló la entrega a Kafka: KafkaError{code=_MSG_TIMED_OUT,val=-192,str="Local: Message timed out"} (tópico=energy-stream)
2026-08-05 00:06:25 | ERROR    | energy_producer | Falló la entrega a Kafka: KafkaError{code=_MSG_TIMED_OUT,val=-192,str="Local: Message timed out"} (tópico=energy-stream)
2026-08-05 00:06:26 | ERROR    | energy_producer | Falló la entrega a Kafka: KafkaError{code=_MSG_TIMED_OUT,val=-192,str="Local: Message timed out"} (tópico=energy-stream)
2026-08-05 00:06:27 | ERROR    | energy_producer | Falló la entrega a Kafka: KafkaError{code=_MSG_TIMED_OUT,val=-192,str="Local: Message timed out"} (tópico=energy-stream)
2026-08-05 00:06:28 | ERROR    | energy_producer | Falló la entrega a Kafka: KafkaError{code=_MSG_TIMED_OUT,val=-192,str="Local: Message timed out"} (tópico=energy-stream)
2026-08-05 00:06:29 | ERROR    | energy_producer | Falló la entrega a Kafka: KafkaError{code=_MSG_TIMED_OUT,val=-192,str="Local: Message timed out"} (tópico=energy-stream)
2026-08-05 00:06:30 | ERROR    | energy_producer | Falló la entrega a Kafka: KafkaError{code=_MSG_TIMED_OUT,val=-192,str="Local: Message timed out"} (tópico=energy-stream)
2026-08-05 00:06:31 | ERROR    | energy_producer | Falló la entrega a Kafka: KafkaError{code=_MSG_TIMED_OUT,val=-192,str="Local: Message timed out"} (tópico=energy-stream)
2026-08-05 00:06:32 | ERROR    | energy_producer | Falló la entrega a Kafka: KafkaError{code=_MSG_TIMED_OUT,val=-192,str="Local: Message timed out"} (tópico=energy-stream)
2026-08-05 00:06:33 | ERROR    | energy_producer | Falló la entrega a Kafka: KafkaError{code=_MSG_TIMED_OUT,val=-192,str="Local: Message timed out"} (tópico=energy-stream)
2026-08-05 00:06:34 | ERROR    | energy_producer | Falló la entrega a Kafka: KafkaError{code=_MSG_TIMED_OUT,val=-192,str="Local: Message timed out"} (tópico=energy-stream)
2026-08-05 00:06:35 | ERROR    | energy_producer | Falló la entrega a Kafka: KafkaError{code=_MSG_TIMED_OUT,val=-192,str="Local: Message timed out"} (tópico=energy-stream)
2026-08-05 00:06:36 | ERROR    | energy_producer | Falló la entrega a Kafka: KafkaError{code=_MSG_TIMED_OUT,val=-192,str="Local: Message timed out"} (tópico=energy-stream)
2026-08-05 00:06:37 | ERROR    | energy_producer | Falló la entrega a Kafka: KafkaError{code=_MSG_TIMED_OUT,val=-192,str="Local: Message timed out"} (tópico=energy-stream)
2026-08-05 00:06:38 | ERROR    | energy_producer | Falló la entrega a Kafka: KafkaError{code=_MSG_TIMED_OUT,val=-192,str="Local: Message timed out"} (tópico=energy-stream)
2026-08-05 00:06:39 | ERROR    | energy_producer | Falló la entrega a Kafka: KafkaError{code=_MSG_TIMED_OUT,val=-192,str="Local: Message timed out"} (tópico=energy-stream)
2026-08-05 00:06:40 | ERROR    | energy_producer | Falló la entrega a Kafka: KafkaError{code=_MSG_TIMED_OUT,val=-192,str="Local: Message timed out"} (tópico=energy-stream)
2026-08-05 00:06:41 | ERROR    | energy_producer | Falló la entrega a Kafka: KafkaError{code=_MSG_TIMED_OUT,val=-192,str="Local: Message timed out"} (tópico=energy-stream)
2026-08-05 00:06:42 | ERROR    | energy_producer | Falló la entrega a Kafka: KafkaError{code=_MSG_TIMED_OUT,val=-192,str="Local: Message timed out"} (tópico=energy-stream)
2026-08-05 00:06:43 | ERROR    | energy_producer | Falló la entrega a Kafka: KafkaError{code=_MSG_TIMED_OUT,val=-192,str="Local: Message timed out"} (tópico=energy-stream)
2026-08-05 00:06:44 | ERROR    | energy_producer | Falló la entrega a Kafka: KafkaError{code=_MSG_TIMED_OUT,val=-192,str="Local: Message timed out"} (tópico=energy-stream)
2026-08-05 00:06:45 | ERROR    | energy_producer | Falló la entrega a Kafka: KafkaError{code=_MSG_TIMED_OUT,val=-192,str="Local: Message timed out"} (tópico=energy-stream)
2026-08-05 00:06:46 | ERROR    | energy_producer | Falló la entrega a Kafka: KafkaError{code=_MSG_TIMED_OUT,val=-192,str="Local: Message timed out"} (tópico=energy-stream)
2026-08-05 00:06:47 | ERROR    | energy_producer | Falló la entrega a Kafka: KafkaError{code=_MSG_TIMED_OUT,val=-192,str="Local: Message timed out"} (tópico=energy-stream)
2026-08-05 00:06:48 | ERROR    | energy_producer | Falló la entrega a Kafka: KafkaError{code=_MSG_TIMED_OUT,val=-192,str="Local: Message timed out"} (tópico=energy-stream)
2026-08-05 00:06:49 | ERROR    | energy_producer | Falló la entrega a Kafka: KafkaError{code=_MSG_TIMED_OUT,val=-192,str="Local: Message timed out"} (tópico=energy-stream)
2026-08-05 00:06:50 | ERROR    | energy_producer | Falló la entrega a Kafka: KafkaError{code=_MSG_TIMED_OUT,val=-192,str="Local: Message timed out"} (tópico=energy-stream)
2026-08-05 00:06:51 | ERROR    | energy_producer | Falló la entrega a Kafka: KafkaError{code=_MSG_TIMED_OUT,val=-192,str="Local: Message timed out"} (tópico=energy-stream)
2026-08-05 00:06:52 | ERROR    | energy_producer | Falló la entrega a Kafka: KafkaError{code=_MSG_TIMED_OUT,val=-192,str="Local: Message timed out"} (tópico=energy-stream)
2026-08-05 00:06:53 | ERROR    | energy_producer | Falló la entrega a Kafka: KafkaError{code=_MSG_TIMED_OUT,val=-192,str="Local: Message timed out"} (tópico=energy-stream)
2026-08-05 00:06:54 | ERROR    | energy_producer | Falló la entrega a Kafka: KafkaError{code=_MSG_TIMED_OUT,val=-192,str="Local: Message timed out"} (tópico=energy-stream)
2026-08-05 00:06:55 | ERROR    | energy_producer | Falló la entrega a Kafka: KafkaError{code=_MSG_TIMED_OUT,val=-192,str="Local: Message timed out"} (tópico=energy-stream)
2026-08-05 00:06:56 | ERROR    | energy_producer | Falló la entrega a Kafka: KafkaError{code=_MSG_TIMED_OUT,val=-192,str="Local: Message timed out"} (tópico=energy-stream)
2026-08-05 00:06:57 | ERROR    | energy_producer | Falló la entrega a Kafka: KafkaError{code=_MSG_TIMED_OUT,val=-192,str="Local: Message timed out"} (tópico=energy-stream)
2026-08-05 00:06:58 | ERROR    | energy_producer | Falló la entrega a Kafka: KafkaError{code=_MSG_TIMED_OUT,val=-192,str="Local: Message timed out"} (tópico=energy-stream)
2026-08-05 00:06:59 | ERROR    | energy_producer | Falló la entrega a Kafka: KafkaError{code=_MSG_TIMED_OUT,val=-192,str="Local: Message timed out"} (tópico=energy-stream)
2026-08-05 00:07:00 | ERROR    | energy_producer | Falló la entrega a Kafka: KafkaError{code=_MSG_TIMED_OUT,val=-192,str="Local: Message timed out"} (tópico=energy-stream)
2026-08-05 00:07:01 | ERROR    | energy_producer | Falló la entrega a Kafka: KafkaError{code=_MSG_TIMED_OUT,val=-192,str="Local: Message timed out"} (tópico=energy-stream)
2026-08-05 00:07:02 | ERROR    | energy_producer | Falló la entrega a Kafka: KafkaError{code=_MSG_TIMED_OUT,val=-192,str="Local: Message timed out"} (tópico=energy-stream)
2026-08-05 00:07:03 | ERROR    | energy_producer | Falló la entrega a Kafka: KafkaError{code=_MSG_TIMED_OUT,val=-192,str="Local: Message timed out"} (tópico=energy-stream)
2026-08-05 00:07:04 | ERROR    | energy_producer | Falló la entrega a Kafka: KafkaError{code=_MSG_TIMED_OUT,val=-192,str="Local: Message timed out"} (tópico=energy-stream)
2026-08-05 00:07:05 | ERROR    | energy_producer | Falló la entrega a Kafka: KafkaError{code=_MSG_TIMED_OUT,val=-192,str="Local: Message timed out"} (tópico=energy-stream)
2026-08-05 00:07:06 | ERROR    | energy_producer | Falló la entrega a Kafka: KafkaError{code=_MSG_TIMED_OUT,val=-192,str="Local: Message timed out"} (tópico=energy-stream)
2026-08-05 00:07:07 | ERROR    | energy_producer | Falló la entrega a Kafka: KafkaError{code=_MSG_TIMED_OUT,val=-192,str="Local: Message timed out"} (tópico=energy-stream)
2026-08-05 00:07:08 | ERROR    | energy_producer | Falló la entrega a Kafka: KafkaError{code=_MSG_TIMED_OUT,val=-192,str="Local: Message timed out"} (tópico=energy-stream)
2026-08-05 00:07:09 | ERROR    | energy_producer | Falló la entrega a Kafka: KafkaError{code=_MSG_TIMED_OUT,val=-192,str="Local: Message timed out"} (tópico=energy-stream)
2026-08-05 00:07:10 | ERROR    | energy_producer | Falló la entrega a Kafka: KafkaError{code=_MSG_TIMED_OUT,val=-192,str="Local: Message timed out"} (tópico=energy-stream)
2026-08-05 00:07:11 | ERROR    | energy_producer | Falló la entrega a Kafka: KafkaError{code=_MSG_TIMED_OUT,val=-192,str="Local: Message timed out"} (tópico=energy-stream)
2026-08-05 00:07:12 | ERROR    | energy_producer | Falló la entrega a Kafka: KafkaError{code=_MSG_TIMED_OUT,val=-192,str="Local: Message timed out"} (tópico=energy-stream)
2026-08-05 00:07:13 | ERROR    | energy_producer | Falló la entrega a Kafka: KafkaError{code=_MSG_TIMED_OUT,val=-192,str="Local: Message timed out"} (tópico=energy-stream)
2026-08-05 00:07:14 | ERROR    | energy_producer | Falló la entrega a Kafka: KafkaError{code=_MSG_TIMED_OUT,val=-192,str="Local: Message timed out"} (tópico=energy-stream)
2026-08-05 00:07:15 | ERROR    | energy_producer | Falló la entrega a Kafka: KafkaError{code=_MSG_TIMED_OUT,val=-192,str="Local: Message timed out"} (tópico=energy-stream)
2026-08-05 00:07:16 | ERROR    | energy_producer | Falló la entrega a Kafka: KafkaError{code=_MSG_TIMED_OUT,val=-192,str="Local: Message timed out"} (tópico=energy-stream)
2026-08-05 00:07:17 | ERROR    | energy_producer | Falló la entrega a Kafka: KafkaError{code=_MSG_TIMED_OUT,val=-192,str="Local: Message timed out"} (tópico=energy-stream)
2026-08-05 00:07:18 | ERROR    | energy_producer | Falló la entrega a Kafka: KafkaError{code=_MSG_TIMED_OUT,val=-192,str="Local: Message timed out"} (tópico=energy-stream)
2026-08-05 00:07:20 | ERROR    | energy_producer | Falló la entrega a Kafka: KafkaError{code=_MSG_TIMED_OUT,val=-192,str="Local: Message timed out"} (tópico=energy-stream)
2026-08-05 00:07:21 | ERROR    | energy_producer | Falló la entrega a Kafka: KafkaError{code=_MSG_TIMED_OUT,val=-192,str="Local: Message timed out"} (tópico=energy-stream)
2026-08-05 00:07:22 | ERROR    | energy_producer | Falló la entrega a Kafka: KafkaError{code=_MSG_TIMED_OUT,val=-192,str="Local: Message timed out"} (tópico=energy-stream)
2026-08-05 00:07:23 | ERROR    | energy_producer | Falló la entrega a Kafka: KafkaError{code=_MSG_TIMED_OUT,val=-192,str="Local: Message timed out"} (tópico=energy-stream)
2026-08-05 00:07:24 | ERROR    | energy_producer | Falló la entrega a Kafka: KafkaError{code=_MSG_TIMED_OUT,val=-192,str="Local: Message timed out"} (tópico=energy-stream)
2026-08-05 00:07:25 | ERROR    | energy_producer | Falló la entrega a Kafka: KafkaError{code=_MSG_TIMED_OUT,val=-192,str="Local: Message timed out"} (tópico=energy-stream)
2026-08-05 00:07:26 | ERROR    | energy_producer | Falló la entrega a Kafka: KafkaError{code=_MSG_TIMED_OUT,val=-192,str="Local: Message timed out"} (tópico=energy-stream)
2026-08-05 00:07:27 | ERROR    | energy_producer | Falló la entrega a Kafka: KafkaError{code=_MSG_TIMED_OUT,val=-192,str="Local: Message timed out"} (tópico=energy-stream)
2026-08-05 00:07:28 | ERROR    | energy_producer | Falló la entrega a Kafka: KafkaError{code=_MSG_TIMED_OUT,val=-192,str="Local: Message timed out"} (tópico=energy-stream)
2026-08-05 00:07:29 | ERROR    | energy_producer | Falló la entrega a Kafka: KafkaError{code=_MSG_TIMED_OUT,val=-192,str="Local: Message timed out"} (tópico=energy-stream)
2026-08-05 00:07:30 | ERROR    | energy_producer | Falló la entrega a Kafka: KafkaError{code=_MSG_TIMED_OUT,val=-192,str="Local: Message timed out"} (tópico=energy-stream)
2026-08-05 00:07:31 | ERROR    | energy_producer | Falló la entrega a Kafka: KafkaError{code=_MSG_TIMED_OUT,val=-192,str="Local: Message timed out"} (tópico=energy-stream)
2026-08-05 00:07:32 | ERROR    | energy_producer | Falló la entrega a Kafka: KafkaError{code=_MSG_TIMED_OUT,val=-192,str="Local: Message timed out"} (tópico=energy-stream)
2026-08-05 00:07:33 | ERROR    | energy_producer | Falló la entrega a Kafka: KafkaError{code=_MSG_TIMED_OUT,val=-192,str="Local: Message timed out"} (tópico=energy-stream)
2026-08-05 00:07:34 | ERROR    | energy_producer | Falló la entrega a Kafka: KafkaError{code=_MSG_TIMED_OUT,val=-192,str="Local: Message timed out"} (tópico=energy-stream)
2026-08-05 00:07:35 | ERROR    | energy_producer | Falló la entrega a Kafka: KafkaError{code=_MSG_TIMED_OUT,val=-192,str="Local: Message timed out"} (tópico=energy-stream)
2026-08-05 00:07:36 | ERROR    | energy_producer | Falló la entrega a Kafka: KafkaError{code=_MSG_TIMED_OUT,val=-192,str="Local: Message timed out"} (tópico=energy-stream)
2026-08-05 00:07:37 | ERROR    | energy_producer | Falló la entrega a Kafka: KafkaError{code=_MSG_TIMED_OUT,val=-192,str="Local: Message timed out"} (tópico=energy-stream)
2026-08-05 00:07:38 | ERROR    | energy_producer | Falló la entrega a Kafka: KafkaError{code=_MSG_TIMED_OUT,val=-192,str="Local: Message timed out"} (tópico=energy-stream)
2026-08-05 00:07:39 | ERROR    | energy_producer | Falló la entrega a Kafka: KafkaError{code=_MSG_TIMED_OUT,val=-192,str="Local: Message timed out"} (tópico=energy-stream)
2026-08-05 00:07:40 | ERROR    | energy_producer | Falló la entrega a Kafka: KafkaError{code=_MSG_TIMED_OUT,val=-192,str="Local: Message timed out"} (tópico=energy-stream)
2026-08-05 00:07:41 | ERROR    | energy_producer | Falló la entrega a Kafka: KafkaError{code=_MSG_TIMED_OUT,val=-192,str="Local: Message timed out"} (tópico=energy-stream)
2026-08-05 00:07:42 | ERROR    | energy_producer | Falló la entrega a Kafka: KafkaError{code=_MSG_TIMED_OUT,val=-192,str="Local: Message timed out"} (tópico=energy-stream)
2026-08-05 00:07:43 | ERROR    | energy_producer | Falló la entrega a Kafka: KafkaError{code=_MSG_TIMED_OUT,val=-192,str="Local: Message timed out"} (tópico=energy-stream)
2026-08-05 00:07:44 | ERROR    | energy_producer | Falló la entrega a Kafka: KafkaError{code=_MSG_TIMED_OUT,val=-192,str="Local: Message timed out"} (tópico=energy-stream)
2026-08-05 00:07:45 | ERROR    | energy_producer | Falló la entrega a Kafka: KafkaError{code=_MSG_TIMED_OUT,val=-192,str="Local: Message timed out"} (tópico=energy-stream)
2026-08-05 00:07:46 | ERROR    | energy_producer | Falló la entrega a Kafka: KafkaError{code=_MSG_TIMED_OUT,val=-192,str="Local: Message timed out"} (tópico=energy-stream)
2026-08-05 00:07:47 | ERROR    | energy_producer | Falló la entrega a Kafka: KafkaError{code=_MSG_TIMED_OUT,val=-192,str="Local: Message timed out"} (tópico=energy-stream)
2026-08-05 00:07:47 | ERROR    | energy_producer | Falló la entrega a Kafka: KafkaError{code=_MSG_TIMED_OUT,val=-192,str="Local: Message timed out"} (tópico=energy-stream)
2026-08-05 00:07:48 | ERROR    | energy_producer | Falló la entrega a Kafka: KafkaError{code=_MSG_TIMED_OUT,val=-192,str="Local: Message timed out"} (tópico=energy-stream)
2026-08-05 00:07:49 | ERROR    | energy_producer | Falló la entrega a Kafka: KafkaError{code=_MSG_TIMED_OUT,val=-192,str="Local: Message timed out"} (tópico=energy-stream)
2026-08-05 00:07:50 | ERROR    | energy_producer | Falló la entrega a Kafka: KafkaError{code=_MSG_TIMED_OUT,val=-192,str="Local: Message timed out"} (tópico=energy-stream)
2026-08-05 00:07:51 | ERROR    | energy_producer | Falló la entrega a Kafka: KafkaError{code=_MSG_TIMED_OUT,val=-192,str="Local: Message timed out"} (tópico=energy-stream)
2026-08-05 00:07:52 | ERROR    | energy_producer | Falló la entrega a Kafka: KafkaError{code=_MSG_TIMED_OUT,val=-192,str="Local: Message timed out"} (tópico=energy-stream)
2026-08-05 00:07:53 | ERROR    | energy_producer | Falló la entrega a Kafka: KafkaError{code=_MSG_TIMED_OUT,val=-192,str="Local: Message timed out"} (tópico=energy-stream)
2026-08-05 00:07:54 | ERROR    | energy_producer | Falló la entrega a Kafka: KafkaError{code=_MSG_TIMED_OUT,val=-192,str="Local: Message timed out"} (tópico=energy-stream)
2026-08-05 00:07:55 | ERROR    | energy_producer | Falló la entrega a Kafka: KafkaError{code=_MSG_TIMED_OUT,val=-192,str="Local: Message timed out"} (tópico=energy-stream)
2026-08-05 00:07:56 | ERROR    | energy_producer | Falló la entrega a Kafka: KafkaError{code=_MSG_TIMED_OUT,val=-192,str="Local: Message timed out"} (tópico=energy-stream)
2026-08-05 00:07:57 | ERROR    | energy_producer | Falló la entrega a Kafka: KafkaError{code=_MSG_TIMED_OUT,val=-192,str="Local: Message timed out"} (tópico=energy-stream)
2026-08-05 00:07:58 | ERROR    | energy_producer | Falló la entrega a Kafka: KafkaError{code=_MSG_TIMED_OUT,val=-192,str="Local: Message timed out"} (tópico=energy-stream)
2026-08-05 00:07:59 | ERROR    | energy_producer | Falló la entrega a Kafka: KafkaError{code=_MSG_TIMED_OUT,val=-192,str="Local: Message timed out"} (tópico=energy-stream)
2026-08-05 00:08:00 | ERROR    | energy_producer | Falló la entrega a Kafka: KafkaError{code=_MSG_TIMED_OUT,val=-192,str="Local: Message timed out"} (tópico=energy-stream)
2026-08-05 00:08:01 | ERROR    | energy_producer | Falló la entrega a Kafka: KafkaError{code=_MSG_TIMED_OUT,val=-192,str="Local: Message timed out"} (tópico=energy-stream)
2026-08-05 00:08:02 | ERROR    | energy_producer | Falló la entrega a Kafka: KafkaError{code=_MSG_TIMED_OUT,val=-192,str="Local: Message timed out"} (tópico=energy-stream)
2026-08-05 00:08:03 | ERROR    | energy_producer | Falló la entrega a Kafka: KafkaError{code=_MSG_TIMED_OUT,val=-192,str="Local: Message timed out"} (tópico=energy-stream)
2026-08-05 00:08:04 | ERROR    | energy_producer | Falló la entrega a Kafka: KafkaError{code=_MSG_TIMED_OUT,val=-192,str="Local: Message timed out"} (tópico=energy-stream)
2026-08-05 00:08:05 | ERROR    | energy_producer | Falló la entrega a Kafka: KafkaError{code=_MSG_TIMED_OUT,val=-192,str="Local: Message timed out"} (tópico=energy-stream)
2026-08-05 00:08:06 | ERROR    | energy_producer | Falló la entrega a Kafka: KafkaError{code=_MSG_TIMED_OUT,val=-192,str="Local: Message timed out"} (tópico=energy-stream)
2026-08-05 00:08:07 | ERROR    | energy_producer | Falló la entrega a Kafka: KafkaError{code=_MSG_TIMED_OUT,val=-192,str="Local: Message timed out"} (tópico=energy-stream)
2026-08-05 00:08:08 | ERROR    | energy_producer | Falló la entrega a Kafka: KafkaError{code=_MSG_TIMED_OUT,val=-192,str="Local: Message timed out"} (tópico=energy-stream)
2026-08-05 00:08:09 | ERROR    | energy_producer | Falló la entrega a Kafka: KafkaError{code=_MSG_TIMED_OUT,val=-192,str="Local: Message timed out"} (tópico=energy-stream)
2026-08-05 00:08:10 | ERROR    | energy_producer | Falló la entrega a Kafka: KafkaError{code=_MSG_TIMED_OUT,val=-192,str="Local: Message timed out"} (tópico=energy-stream)
2026-08-05 00:08:11 | ERROR    | energy_producer | Falló la entrega a Kafka: KafkaError{code=_MSG_TIMED_OUT,val=-192,str="Local: Message timed out"} (tópico=energy-stream)
2026-08-05 00:08:12 | ERROR    | energy_producer | Falló la entrega a Kafka: KafkaError{code=_MSG_TIMED_OUT,val=-192,str="Local: Message timed out"} (tópico=energy-stream)
2026-08-05 00:08:13 | ERROR    | energy_producer | Falló la entrega a Kafka: KafkaError{code=_MSG_TIMED_OUT,val=-192,str="Local: Message timed out"} (tópico=energy-stream)
2026-08-05 00:08:14 | ERROR    | energy_producer | Falló la entrega a Kafka: KafkaError{code=_MSG_TIMED_OUT,val=-192,str="Local: Message timed out"} (tópico=energy-stream)
2026-08-05 00:08:15 | ERROR    | energy_producer | Falló la entrega a Kafka: KafkaError{code=_MSG_TIMED_OUT,val=-192,str="Local: Message timed out"} (tópico=energy-stream)
2026-08-05 00:08:16 | ERROR    | energy_producer | Falló la entrega a Kafka: KafkaError{code=_MSG_TIMED_OUT,val=-192,str="Local: Message timed out"} (tópico=energy-stream)
2026-08-05 00:08:17 | ERROR    | energy_producer | Falló la entrega a Kafka: KafkaError{code=_MSG_TIMED_OUT,val=-192,str="Local: Message timed out"} (tópico=energy-stream)
2026-08-05 00:08:18 | ERROR    | energy_producer | Falló la entrega a Kafka: KafkaError{code=_MSG_TIMED_OUT,val=-192,str="Local: Message timed out"} (tópico=energy-stream)
2026-08-05 00:08:19 | ERROR    | energy_producer | Falló la entrega a Kafka: KafkaError{code=_MSG_TIMED_OUT,val=-192,str="Local: Message timed out"} (tópico=energy-stream)
2026-08-05 00:08:20 | ERROR    | energy_producer | Falló la entrega a Kafka: KafkaError{code=_MSG_TIMED_OUT,val=-192,str="Local: Message timed out"} (tópico=energy-stream)
2026-08-05 00:08:21 | ERROR    | energy_producer | Falló la entrega a Kafka: KafkaError{code=_MSG_TIMED_OUT,val=-192,str="Local: Message timed out"} (tópico=energy-stream)
2026-08-05 00:08:22 | ERROR    | energy_producer | Falló la entrega a Kafka: KafkaError{code=_MSG_TIMED_OUT,val=-192,str="Local: Message timed out"} (tópico=energy-stream)
2026-08-05 00:08:23 | ERROR    | energy_producer | Falló la entrega a Kafka: KafkaError{code=_MSG_TIMED_OUT,val=-192,str="Local: Message timed out"} (tópico=energy-stream)
2026-08-05 00:08:24 | ERROR    | energy_producer | Falló la entrega a Kafka: KafkaError{code=_MSG_TIMED_OUT,val=-192,str="Local: Message timed out"} (tópico=energy-stream)
2026-08-05 00:08:25 | ERROR    | energy_producer | Falló la entrega a Kafka: KafkaError{code=_MSG_TIMED_OUT,val=-192,str="Local: Message timed out"} (tópico=energy-stream)
2026-08-05 00:08:26 | ERROR    | energy_producer | Falló la entrega a Kafka: KafkaError{code=_MSG_TIMED_OUT,val=-192,str="Local: Message timed out"} (tópico=energy-stream)
2026-08-05 00:08:27 | ERROR    | energy_producer | Falló la entrega a Kafka: KafkaError{code=_MSG_TIMED_OUT,val=-192,str="Local: Message timed out"} (tópico=energy-stream)
2026-08-05 00:08:28 | ERROR    | energy_producer | Falló la entrega a Kafka: KafkaError{code=_MSG_TIMED_OUT,val=-192,str="Local: Message timed out"} (tópico=energy-stream)
2026-08-05 00:08:29 | ERROR    | energy_producer | Falló la entrega a Kafka: KafkaError{code=_MSG_TIMED_OUT,val=-192,str="Local: Message timed out"} (tópico=energy-stream)
2026-08-05 00:08:30 | ERROR    | energy_producer | Falló la entrega a Kafka: KafkaError{code=_MSG_TIMED_OUT,val=-192,str="Local: Message timed out"} (tópico=energy-stream)
2026-08-05 00:08:32 | ERROR    | energy_producer | Falló la entrega a Kafka: KafkaError{code=_MSG_TIMED_OUT,val=-192,str="Local: Message timed out"} (tópico=energy-stream)
2026-08-05 00:08:32 | INFO     | energy_producer | Señal de apagado recibida (2). Terminando tras la fila actual...
2026-08-05 00:08:33 | ERROR    | energy_producer | Falló la entrega a Kafka: KafkaError{code=_MSG_TIMED_OUT,val=-192,str="Local: Message timed out"} (tópico=energy-stream)
2026-08-05 00:08:33 | ERROR    | energy_producer | Falló la entrega a Kafka: KafkaError{code=_MSG_TIMED_OUT,val=-192,str="Local: Message timed out"} (tópico=energy-stream)
2026-08-05 00:08:34 | ERROR    | energy_producer | Falló la entrega a Kafka: KafkaError{code=_MSG_TIMED_OUT,val=-192,str="Local: Message timed out"} (tópico=energy-stream)
2026-08-05 00:08:35 | ERROR    | energy_producer | Falló la entrega a Kafka: KafkaError{code=_MSG_TIMED_OUT,val=-192,str="Local: Message timed out"} (tópico=energy-stream)
2026-08-05 00:08:36 | ERROR    | energy_producer | Falló la entrega a Kafka: KafkaError{code=_MSG_TIMED_OUT,val=-192,str="Local: Message timed out"} (tópico=energy-stream)
2026-08-05 00:08:37 | INFO     | energy_producer | Señal de apagado recibida (2). Terminando tras la fila actual...
2026-08-05 00:08:37 | ERROR    | energy_producer | Falló la entrega a Kafka: KafkaError{code=_MSG_TIMED_OUT,val=-192,str="Local: Message timed out"} (tópico=energy-stream)
2026-08-05 00:08:38 | ERROR    | energy_producer | Falló la entrega a Kafka: KafkaError{code=_MSG_TIMED_OUT,val=-192,str="Local: Message timed out"} (tópico=energy-stream)
2026-08-05 00:08:39 | ERROR    | energy_producer | Falló la entrega a Kafka: KafkaError{code=_MSG_TIMED_OUT,val=-192,str="Local: Message timed out"} (tópico=energy-stream)
2026-08-05 00:08:40 | ERROR    | energy_producer | Falló la entrega a Kafka: KafkaError{code=_MSG_TIMED_OUT,val=-192,str="Local: Message timed out"} (tópico=energy-stream)
2026-08-05 00:08:41 | ERROR    | energy_producer | Falló la entrega a Kafka: KafkaError{code=_MSG_TIMED_OUT,val=-192,str="Local: Message timed out"} (tópico=energy-stream)
2026-08-05 00:08:42 | ERROR    | energy_producer | Falló la entrega a Kafka: KafkaError{code=_MSG_TIMED_OUT,val=-192,str="Local: Message timed out"} (tópico=energy-stream)
2026-08-05 00:08:43 | ERROR    | energy_producer | Falló la entrega a Kafka: KafkaError{code=_MSG_TIMED_OUT,val=-192,str="Local: Message timed out"} (tópico=energy-stream)
2026-08-05 00:08:43 | INFO     | energy_producer | energy_producer terminado. Total publicadas=455, descartadas=0.
2026-08-05 00:51:44 | INFO     | energy_producer | energy_producer iniciado. csv=C:\Users\blanc\dev\smart-energy-pipeline\smart-energy-pipeline\ingestion\data\PJME_hourly.csv, ritmo=1.0s/fila, tópico=energy-stream
2026-08-05 00:54:35 | INFO     | energy_producer | Señal de apagado recibida (2). Terminando tras la fila actual...
2026-08-05 00:54:35 | INFO     | energy_producer | energy_producer terminado. Total publicadas=171, descartadas=0.
2026-08-05 00:56:59 | INFO     | energy_producer | energy_producer iniciado. csv=C:\Users\blanc\dev\smart-energy-pipeline\smart-energy-pipeline\ingestion\data\PJME_hourly.csv, ritmo=1.0s/fila, tópico=energy-stream
2026-08-05 01:05:22 | INFO     | energy_producer | Progreso: 500 filas publicadas, 0 descartadas.
2026-08-05 01:12:16 | INFO     | energy_producer | Señal de apagado recibida (2). Terminando tras la fila actual...
2026-08-05 01:12:16 | INFO     | energy_producer | energy_producer terminado. Total publicadas=908, descartadas=0.
